<rdf:RDF
    xmlns:rdf="http://www.w3.org/1999/02/22-rdf-syntax-ns#"
    xmlns:j.0="http://xmlns.com/foaf/0.1/"
    xmlns:j.1="http://www.w3.org/ns/prov#">
  <j.1:Entity rdf:about="http://en.wikipedia.org/wiki/.us">
    <j.0:primaryTopic rdf:resource="http://dbpedia.org/resource/.us"/>
  </j.1:Entity>
</rdf:RDF>
